Sync Explicit (1): xdg-desktop-portal-gtk-1.15.3-1
resolving dependencies...
looking for conflicting packages...

Package (1)                   New Version  Net Change  Download Size

extra/xdg-desktop-portal-gtk  1.15.3-1       0.42 MiB       0.10 MiB

Total Download Size:   0.10 MiB
Total Installed Size:  0.42 MiB

:: Proceed with installation? [Y/n] 
:: Retrieving packages...
 xdg-desktop-portal-gtk-1.15.3-1-x86_64 downloading...
checking keyring...
checking package integrity...
loading package files...
checking for file conflicts...
checking available disk space...
:: Processing package changes...
installing xdg-desktop-portal-gtk...
Optional dependencies for xdg-desktop-portal-gtk
    evince: Print preview [installed]
:: Running post-transaction hooks...
(1/3) Reloading user manager configuration...
(2/3) Arming ConditionNeedsUpdate...
(3/3) Updating the desktop file MIME type cache...
Sync Explicit (1): umockdev-0.19.1-1
resolving dependencies...
looking for conflicting packages...

Package (1)     New Version  Net Change  Download Size

extra/umockdev  0.19.1-1       0.63 MiB       0.14 MiB

Total Download Size:   0.14 MiB
Total Installed Size:  0.63 MiB

:: Proceed with installation? [Y/n] 
:: Retrieving packages...
 umockdev-0.19.1-1-x86_64 downloading...
checking keyring...
checking package integrity...
loading package files...
checking for file conflicts...
checking available disk space...
:: Processing package changes...
installing umockdev...
:: Running post-transaction hooks...
(1/1) Arming ConditionNeedsUpdate...
