Sync Explicit (1): hypridle-0.1.6-6
resolving dependencies...
looking for conflicting packages...

Package (1)     New Version  Net Change  Download Size

extra/hypridle  0.1.6-6        0.24 MiB       0.10 MiB

Total Download Size:   0.10 MiB
Total Installed Size:  0.24 MiB

:: Proceed with installation? [Y/n] 
:: Retrieving packages...
 hypridle-0.1.6-6-x86_64 downloading...
checking keyring...
checking package integrity...
loading package files...
checking for file conflicts...
checking available disk space...
:: Processing package changes...
installing hypridle...
:: Running post-transaction hooks...
(1/2) Reloading user manager configuration...
(2/2) Arming ConditionNeedsUpdate...
