Sync Explicit (1): thunar-volman-4.20.0-2
resolving dependencies...
looking for conflicting packages...

Package (1)          New Version  Net Change  Download Size

extra/thunar-volman  4.20.0-2       0.66 MiB       0.13 MiB

Total Download Size:   0.13 MiB
Total Installed Size:  0.66 MiB

:: Proceed with installation? [Y/n] 
:: Retrieving packages...
 thunar-volman-4.20.0-2-x86_64 downloading...
checking keyring...
checking package integrity...
loading package files...
checking for file conflicts...
checking available disk space...
:: Processing package changes...
installing thunar-volman...
:: Running post-transaction hooks...
(1/3) Arming ConditionNeedsUpdate...
(2/3) Updating icon theme caches...
(3/3) Updating the desktop file MIME type cache...
Sync Explicit (1): thunar-archive-plugin-0.6.0-1
resolving dependencies...
looking for conflicting packages...

Package (1)                  New Version  Net Change  Download Size

extra/thunar-archive-plugin  0.6.0-1        0.17 MiB       0.04 MiB

Total Download Size:   0.04 MiB
Total Installed Size:  0.17 MiB

:: Proceed with installation? [Y/n] 
:: Retrieving packages...
 thunar-archive-plugin-0.6.0-1-x86_64 downloading...
checking keyring...
checking package integrity...
loading package files...
checking for file conflicts...
checking available disk space...
:: Processing package changes...
installing thunar-archive-plugin...
Optional dependencies for thunar-archive-plugin
    file-roller [installed]
    engrampa
    ark [installed]
    xarchiver [installed]
:: Running post-transaction hooks...
(1/2) Arming ConditionNeedsUpdate...
(2/2) Updating icon theme caches...
[33m[NOTE](B[m Config for [35mgtk-3.0(B[m found, no need to copy.
[33m[NOTE](B[m Config for [35mThunar(B[m found, no need to copy.
[33m[NOTE](B[m Config for [35mxfce4(B[m found, no need to copy.
