Sync Explicit (1): adobe-source-code-pro-fonts-2.042u+1.062i+1.026vf-2
resolving dependencies...
looking for conflicting packages...

Package (1)                        New Version              Net Change  Download Size

extra/adobe-source-code-pro-fonts  2.042u+1.062i+1.026vf-2    1.86 MiB       0.91 MiB

Total Download Size:   0.91 MiB
Total Installed Size:  1.86 MiB

:: Proceed with installation? [Y/n] 
:: Retrieving packages...
 adobe-source-code-pro-fonts-2.042u+1.062i+1.026vf-2-any downloading...
checking keyring...
checking package integrity...
loading package files...
checking for file conflicts...
checking available disk space...
:: Processing package changes...
installing adobe-source-code-pro-fonts...
:: Running post-transaction hooks...
(1/3) Arming ConditionNeedsUpdate...
(2/3) Updating fontconfig cache...
(3/3) Updating X fontdir indices...
Sync Explicit (1): noto-fonts-emoji-1:2.048-1
resolving dependencies...
looking for conflicting packages...

Package (1)             New Version  Net Change  Download Size

extra/noto-fonts-emoji  1:2.048-1      9.73 MiB       8.81 MiB

Total Download Size:   8.81 MiB
Total Installed Size:  9.73 MiB

:: Proceed with installation? [Y/n] 
:: Retrieving packages...
 noto-fonts-emoji-1:2.048-1-any downloading...
checking keyring...
checking package integrity...
loading package files...
checking for file conflicts...
checking available disk space...
:: Processing package changes...
installing noto-fonts-emoji...
:: Running post-transaction hooks...
(1/3) Arming ConditionNeedsUpdate...
(2/3) Updating fontconfig cache...
(3/3) Updating X fontdir indices...
Sync Explicit (1): ttf-droid-20121017-11
resolving dependencies...
looking for conflicting packages...

Package (1)      New Version  Net Change  Download Size

extra/ttf-droid  20121017-11   15.31 MiB       3.93 MiB

Total Download Size:    3.93 MiB
Total Installed Size:  15.31 MiB

:: Proceed with installation? [Y/n] 
:: Retrieving packages...
 ttf-droid-20121017-11-any downloading...
checking keyring...
checking package integrity...
loading package files...
checking for file conflicts...
checking available disk space...
:: Processing package changes...
installing ttf-droid...
:: Running post-transaction hooks...
(1/4) Arming ConditionNeedsUpdate...
(2/4) Updating fontconfig configuration...
(3/4) Updating fontconfig cache...
(4/4) Updating X fontdir indices...
Sync Explicit (1): ttf-fantasque-nerd-3.4.0-1
resolving dependencies...
looking for conflicting packages...

Package (1)               New Version  Net Change  Download Size

extra/ttf-fantasque-nerd  3.4.0-1       29.01 MiB       2.68 MiB

Total Download Size:    2.68 MiB
Total Installed Size:  29.01 MiB

:: Proceed with installation? [Y/n] 
:: Retrieving packages...
 ttf-fantasque-nerd-3.4.0-1-any downloading...
checking keyring...
checking package integrity...
loading package files...
checking for file conflicts...
checking available disk space...
:: Processing package changes...
installing ttf-fantasque-nerd...
:: Running post-transaction hooks...
(1/3) Arming ConditionNeedsUpdate...
(2/3) Updating fontconfig cache...
(3/3) Updating X fontdir indices...
AUR Explicit (1): ttf-victor-mono-1.5.6-1
:: [1m(1/1) Downloaded PKGBUILD: ttf-victor-mono[0m
  1 ttf-victor-mono                          (Build Files Exist)
==> Packages to cleanBuild?
==> [N]one [A]ll [Ab]ort [I]nstalled [No]tInstalled or (1 2 3, 1-3, ^4)
==> 
  1 ttf-victor-mono                          (Build Files Exist)
==> Diffs to show?
==> [N]one [A]ll [Ab]ort [I]nstalled [No]tInstalled or (1 2 3, 1-3, ^4)
==> 
==> Making package: ttf-victor-mono 1.5.6-1 (Sat 16 Aug 2025 07:38:23 AM MSK)
==> Retrieving sources...
  -> Downloading ttf-victor-mono-1.5.6.zip...
  % Total    % Received % Xferd  Average Speed   Time    Time     Time  Current
                                 Dload  Upload   Total   Spent    Left  Speed
  0     0    0     0    0     0      0      0 --:--:-- --:--:-- --:--:--     0  0     0    0     0    0     0      0      0 --:--:-- --:--:-- --:--:--     0
100 25867    0 25867    0     0  25532      0 --:--:--  0:00:01 --:--:-- 25532100 3793k    0 3793k    0     0  1922k      0 --:--:--  0:00:01 --:--:-- 3925k100 19.0M    0 19.0M    0     0  6570k      0 --:--:--  0:00:02 --:--:-- 9972k100 24.0M    0 24.0M    0     0  6977k      0 --:--:--  0:00:03 --:--:-- 9777k
==> WARNING: Skipping verification of source file PGP signatures.
==> Validating source files with sha256sums...
    ttf-victor-mono-1.5.6.zip ... Passed
:: [1m(1/1) Parsing SRCINFO: ttf-victor-mono[0m
==> Making package: ttf-victor-mono 1.5.6-1 (Sat 16 Aug 2025 07:38:28 AM MSK)
==> Checking runtime dependencies...
==> Checking buildtime dependencies...
==> Retrieving sources...
  -> Found ttf-victor-mono-1.5.6.zip
==> Validating source files with sha256sums...
    ttf-victor-mono-1.5.6.zip ... Passed
==> Removing existing $srcdir/ directory...
==> Extracting sources...
  -> Extracting ttf-victor-mono-1.5.6.zip with bsdtar
==> Starting prepare()...
==> Sources are ready.
==> Making package: ttf-victor-mono 1.5.6-1 (Sat 16 Aug 2025 07:38:30 AM MSK)
==> Checking runtime dependencies...
==> Checking buildtime dependencies...
==> WARNING: Using existing $srcdir/ tree
==> Entering fakeroot environment...
==> Starting package()...
==> Tidying install...
  -> Removing libtool files...
  -> Purging unwanted files...
  -> Removing static library files...
  -> Stripping unneeded symbols from binaries and libraries...
  -> Compressing man and info pages...
==> Checking for packaging issues...
==> Creating package "ttf-victor-mono"...
  -> Generating .PKGINFO file...
  -> Generating .BUILDINFO file...
  -> Generating .MTREE file...
  -> Compressing package...
==> Leaving fakeroot environment.
==> Finished making: ttf-victor-mono 1.5.6-1 (Sat 16 Aug 2025 07:38:32 AM MSK)
==> Cleaning up...
loading packages...
resolving dependencies...
looking for conflicting packages...

Package (1)      New Version  Net Change

ttf-victor-mono  1.5.6-1        4.43 MiB

Total Installed Size:  4.43 MiB

:: Proceed with installation? [Y/n] 
checking keyring...
checking package integrity...
loading package files...
checking for file conflicts...
checking available disk space...
:: Processing package changes...
installing ttf-victor-mono...
:: Running post-transaction hooks...
(1/3) Arming ConditionNeedsUpdate...
(2/3) Updating fontconfig cache...
(3/3) Updating X fontdir indices...
Sync Explicit (1): noto-fonts-1:2025.08.01-1
resolving dependencies...
looking for conflicting packages...

Package (1)       New Version     Net Change  Download Size

extra/noto-fonts  1:2025.08.01-1  106.66 MiB      27.16 MiB

Total Download Size:    27.16 MiB
Total Installed Size:  106.66 MiB

:: Proceed with installation? [Y/n] 
:: Retrieving packages...
 noto-fonts-1:2025.08.01-1-any downloading...
checking keyring...
checking package integrity...
loading package files...
checking for file conflicts...
checking available disk space...
:: Processing package changes...
installing noto-fonts...
Optional dependencies for noto-fonts
    noto-fonts-cjk: CJK characters
    noto-fonts-emoji: Emoji characters [installed]
    noto-fonts-extra: additional variants (condensed, semi-bold, extra-light)
:: Running post-transaction hooks...
(1/4) Arming ConditionNeedsUpdate...
(2/4) Updating fontconfig configuration...
(3/4) Updating fontconfig cache...
(4/4) Updating X fontdir indices...
