Sync Explicit (1): mercurial-7.1-1
resolving dependencies...
looking for conflicting packages...

Package (1)      New Version  Net Change  Download Size

extra/mercurial  7.1-1         34.07 MiB       6.05 MiB

Total Download Size:    6.05 MiB
Total Installed Size:  34.07 MiB

:: Proceed with installation? [Y/n] 
:: Retrieving packages...
 mercurial-7.1-1-x86_64 downloading...
checking keyring...
checking package integrity...
loading package files...
checking for file conflicts...
checking available disk space...
:: Processing package changes...
installing mercurial...
Optional dependencies for mercurial
    tk: for the hgk GUI
:: Running post-transaction hooks...
(1/1) Arming ConditionNeedsUpdate...
Sync Explicit (1): zsh-5.9-5
resolving dependencies...
looking for conflicting packages...

Package (1)  New Version  Net Change  Download Size

extra/zsh    5.9-5          6.56 MiB       2.22 MiB

Total Download Size:   2.22 MiB
Total Installed Size:  6.56 MiB

:: Proceed with installation? [Y/n] 
:: Retrieving packages...
 zsh-5.9-5-x86_64 downloading...
checking keyring...
checking package integrity...
loading package files...
checking for file conflicts...
checking available disk space...
:: Processing package changes...
installing zsh...
:: Running post-transaction hooks...
(1/1) Arming ConditionNeedsUpdate...
Sync Explicit (1): zsh-completions-0.35.0-2
resolving dependencies...
looking for conflicting packages...

Package (1)            New Version  Net Change  Download Size

extra/zsh-completions  0.35.0-2       1.34 MiB       0.25 MiB

Total Download Size:   0.25 MiB
Total Installed Size:  1.34 MiB

:: Proceed with installation? [Y/n] 
:: Retrieving packages...
 zsh-completions-0.35.0-2-any downloading...
checking keyring...
checking package integrity...
loading package files...
checking for file conflicts...
checking available disk space...
:: Processing package changes...
installing zsh-completions...
:: Running post-transaction hooks...
(1/1) Arming ConditionNeedsUpdate...
[31m[ERROR](B[m Authentication failed. Please enter the correct password.
[34m[INFO](B[m Shell changed successfully to [35mzsh(B[m