AUR Explicit (1): pokemon-colorscripts-git-r112.0483c85b-2
:: [1m(1/1) Downloaded PKGBUILD: pokemon-colorscripts-git[0m
  1 pokemon-colorscripts-git                 (Build Files Exist)
==> Packages to cleanBuild?
==> [N]one [A]ll [Ab]ort [I]nstalled [No]tInstalled or (1 2 3, 1-3, ^4)
==> 
  1 pokemon-colorscripts-git                 (Build Files Exist)
==> Diffs to show?
==> [N]one [A]ll [Ab]ort [I]nstalled [No]tInstalled or (1 2 3, 1-3, ^4)
==> 
==> Making package: pokemon-colorscripts-git r112.0483c85b-2 (Sat 16 Aug 2025 07:45:37 AM MSK)
==> Retrieving sources...
  -> Cloning pokemon-colorscripts git repo...
Cloning into bare repository '/home/pridxd/.cache/yay/pokemon-colorscripts-git/pokemon-colorscripts'...
==> WARNING: Skipping verification of source file PGP signatures.
==> Validating source files with sha256sums...
    pokemon-colorscripts ... Skipped
:: [1m(1/1) Parsing SRCINFO: pokemon-colorscripts-git[0m
==> Making package: pokemon-colorscripts-git r112.0483c85b-2 (Sat 16 Aug 2025 07:45:40 AM MSK)
==> Checking runtime dependencies...
==> Checking buildtime dependencies...
==> Retrieving sources...
  -> Updating pokemon-colorscripts git repo...
==> Validating source files with sha256sums...
    pokemon-colorscripts ... Skipped
==> Removing existing $srcdir/ directory...
==> Extracting sources...
  -> Creating working copy of pokemon-colorscripts git repo...
Cloning into 'pokemon-colorscripts'...
done.
==> Starting pkgver()...
==> Updated version: pokemon-colorscripts-git r114.5802ff67-1
==> Sources are ready.
==> Making package: pokemon-colorscripts-git r114.5802ff67-1 (Sat 16 Aug 2025 07:45:44 AM MSK)
==> Checking runtime dependencies...
==> Checking buildtime dependencies...
==> WARNING: Using existing $srcdir/ tree
==> Starting pkgver()...
==> Entering fakeroot environment...
==> Starting package()...
==> Tidying install...
  -> Removing libtool files...
  -> Purging unwanted files...
  -> Removing static library files...
  -> Stripping unneeded symbols from binaries and libraries...
  -> Compressing man and info pages...
==> Checking for packaging issues...
==> Creating package "pokemon-colorscripts-git"...
  -> Generating .PKGINFO file...
  -> Generating .BUILDINFO file...
  -> Generating .MTREE file...
  -> Compressing package...
==> Leaving fakeroot environment.
==> Finished making: pokemon-colorscripts-git r114.5802ff67-1 (Sat 16 Aug 2025 07:46:28 AM MSK)
==> Cleaning up...
loading packages...
resolving dependencies...
looking for conflicting packages...

Package (1)               New Version      Net Change

pokemon-colorscripts-git  r114.5802ff67-1   42.39 MiB

Total Installed Size:  42.39 MiB

:: Proceed with installation? [Y/n] 
checking keyring...
checking package integrity...
loading package files...
checking for file conflicts...
checking available disk space...
:: Processing package changes...
installing pokemon-colorscripts-git...
:: Running post-transaction hooks...
(1/1) Arming ConditionNeedsUpdate...
