Sync Explicit (1): gtk-engine-murrine-0.98.2-4
resolving dependencies...
looking for conflicting packages...

Package (1)               New Version  Net Change  Download Size

extra/gtk-engine-murrine  0.98.2-4       0.30 MiB       0.09 MiB

Total Download Size:   0.09 MiB
Total Installed Size:  0.30 MiB

:: Proceed with installation? [Y/n] 
:: Retrieving packages...
 gtk-engine-murrine-0.98.2-4-x86_64 downloading...
checking keyring...
checking package integrity...
loading package files...
checking for file conflicts...
checking available disk space...
:: Processing package changes...
installing gtk-engine-murrine...
:: Running post-transaction hooks...
(1/1) Arming ConditionNeedsUpdate...
[33m[NOTE](B[m Cloning [36mGTK themes and Icons(B[m repository...
[32m[OK](B[m Extracted GTK Themes & Icons to ~/.icons & ~/.themes directories
